// Jest Snapshot v1, https://goo.gl/fbAQLP

exports[`Рендерится без ошибок 1`] = `null`;
